 files_out.out - OUTPUT FILES WRITTEN
 CHK                       checker.out
 HRU                       hru_wb_day.txt
 HRU                       hru_wb_day.csv
 HRU                       hru_wb_yr.txt
 HRU                       hru_wb_yr.csv
 HRU                       hru_wb_aa.txt
 HRU                       hru_wb_aa.csv
 HRU                       hru_nb_day.txt
 HRU                       hru_nb_day.csv
 HRU                       hru_ncycle_day.txt
 HRU                       hru_ncycle_day.csv
 HRU                       hru_ncycle_yr.txt
 HRU                       hru_ncycle_yr.csv
 HRU                       hru_ncycle_aa.txt
 HRU                       hru_ncycle_aa.csv
 HRU                       hru_nb_yr.txt
 HRU                       hru_nb_yr.csv
 HRU                       hru_nb_aa.txt
 HRU                       hru_nb_aa.csv
 HRU                       hru_ls_day.txt
 HRU                       hru_ls_day.csv
 HRU                       hru_ls_yr.txt
 HRU                       hru_ls_yr.csv
 HRU                       hru_ls_aa.txt
 HRU                       hru_ls_aa.csv
 HRU                       hru_pw_day.txt
 HRU                       hru_pw_day.csv
 HRU                       hru_pw_yr.txt
 HRU                       hru_pw_yr.csv
 HRU                       hru_pw_aa.txt
 HRU                       hru_pw_aa.csv
 ROUTING_UNIT              lsunit_wb_yr.txt
 ROUTING_UNIT              lsunit_wb_yr.csv
 ROUTING_UNIT              lsunit_wb_aa.txt
 ROUTING_UNIT              lsunit_wb_aa.csv
 ROUTING_UNIT              lsunit_nb_yr.txt
 ROUTING_UNIT              lsunit_nb_yr.csv
 ROUTING_UNIT              lsunit_nb_aa.txt
 ROUTING_UNIT              lsunit_nb_aa.csv
 ROUTING_UNIT              lsunit_ls_yr.txt
 ROUTING_UNIT              lsunit_ls_yr.csv
 ROUTING_UNIT              lsunit_ls_aa.txt
 ROUTING_UNIT              lsunit_ls_aa.csv
 ROUTING_UNIT              lsunit_pw_yr.txt
 ROUTING_UNIT              lsunit_pw_yr.csv
 ROUTING_UNIT              lsunit_pw_aa.txt
 ROUTING_UNIT              lsunit_pw_aa.csv
 BASIN                     basin_wb_yr.txt
 BASIN                     basin_wb_yr.csv
 BASIN                     basin_wb_aa.txt
 BASIN                     basin_wb_aa.csv
 BASIN                     basin_nb_yr.txt
 BASIN                     basin_nb_yr.csv
 BASIN                     basin_nb_aa.txt
 BASIN                     basin_nb_aa.csv
 BASIN                     basin_ls_yr.txt
 BASIN                     basin_ls_yr.csv
 BASIN                     basin_ls_aa.txt
 BASIN                     basin_ls_aa.csv
 BASIN                     basin_pw_yr.txt
 BASIN                     basin_pw_yr.csv
 BASIN                     basin_pw_aa.txt
 BASIN                     basin_pw_aa.csv
 CROP                      crop_yld_yr.txt
 CROP                      crop_yld_yr.csv
 CROP                      crop_yld_aa.txt
 CROP                      crop_yld_aa.csv
 AQUIFER                   aquifer_yr.txt
 AQUIFER                   aquifer_yr.csv
 AQUIFER                   aquifer_aa.txt
 AQUIFER                   aquifer_aa.csv
 SWAT-DEG_CHANNEL          channel_sd_yr.txt
 SWAT-DEG_CHANNEL          channel_sd_yr.csv
 SWAT-DEG_CHANNEL          channel_sd_aa.txt
 SWAT-DEG_CHANNEL          channel_sd_aa.csv
 SWAT-DEG_CHANNEL_MORPH    channel_sdmorph_yr.txt
 SWAT-DEG_CHANNEL_MORPH    channel_sdmorph_yr.csv
 SWAT-DEG_CHANNEL_MORPH    channel_sdmorph_aa.txt
 SWAT-DEG_CHANNEL_MORPH    channel_sdmorph_aa.csv
 SWAT_DEG_CHAN_BUD         sd_chanbud_yr.txt
 SWAT_DEG_CHAN_BUD         sd_chanbud_yr.csv
 SWAT_DEG_CHAN_BUD         sd_chanbud_aa.txt
 SWAT_DEG_CHAN_BUD         sd_chanbud_aa.csv
 MGT                       mgt_out.txt
 DTBL                      lu_change_out.txt
 YLD                       yield.out
 YLD                       yield.csv
 BASIN_CROP_YLD            basin_crop_yld_yr.txt
 BASIN_CROP_YLD            basin_crop_yld_aa.txt
 HYDOUT                    hydout_yr.txt
 HYDOUT                    hydout_yr.csv
 HYDOUT                    hydout_aa.txt
 HYDOUT                    hydout_aa.csv
 HYDIN                     hydin_yr.txt
 HYDIN                     hydin_yr.csv
 HYDIN                     hydin_aa.txt
