print.prt: written by SWAT+ editor v4.0.0 on 2026-07-17 15:47 for SWAT+ rev. 62
nyskip      day_start  yrc_start  day_end   yrc_end   interval  
2           0         0         0         0         1         
aa_int_cnt  
0           
csvout        use_obj_lbls      cdfout        
y             y             n             
crop_yld      mgtout        hydcon        fdcout        
b             y             n             n             
objects                  daily       monthly        yearly         avann  
basin_wb                     n             n             y             y  
basin_nb                     n             n             y             y  
basin_ls                     n             n             y             y  
basin_pw                     n             n             y             y  
basin_aqu                    n             n             y             y  
basin_res                    n             n             y             y  
basin_cha                    n             n             y             y  
basin_sd_cha                 n             n             y             y  
basin_psc                    n             n             y             y  
region_wb                    n             n             y             y  
region_nb                    n             n             y             y  
region_ls                    n             n             y             y  
region_pw                    n             n             y             y  
region_aqu                   n             n             y             y  
region_res                   n             n             y             y  
region_sd_cha                n             n             y             y  
region_psc                   n             n             y             y  
water_allo                   n             n             y             y  
lsunit_wb                    n             n             y             y  
lsunit_nb                    n             n             y             y  
lsunit_ls                    n             n             y             y  
lsunit_pw                    n             n             y             y  
hru_wb                       y             n             y             y  
hru_nb                       y             n             y             y  
hru_ls                       y             n             y             y  
hru_pw                       y             n             y             y  
hru-lte_wb                   n             n             y             y  
hru-lte_nb                   n             n             y             y  
hru-lte_ls                   n             n             y             y  
hru-lte_pw                   n             n             y             y  
channel                      n             n             y             y  
channel_sd                   n             n             y             y  
aquifer                      n             n             y             y  
reservoir                    n             n             y             y  
recall                       n             n             y             y  
hyd                          n             n             y             y  
ru                           n             n             y             y  
pest                         n             n             y             y  
basin_salt                   n             n             n             n  
hru_salt                     n             n             n             n  
ru_salt                      n             n             n             n  
aqu_salt                     n             n             n             n  
channel_salt                 n             n             n             n  
res_salt                     n             n             n             n  
wetland_salt                 n             n             n             n  
basin_cs                     n             n             n             n  
hru_cs                       y             n             n             n  
ru_cs                        n             n             n             n  
aqu_cs                       n             n             n             n  
channel_cs                   n             n             n             n  
res_cs                       n             n             n             n  
wetland_cs                   n             n             n             n  
gwflow_wb                    n             n             n             n  
gwflow_flux                  n             n             n             n  
gwflow_heat                  n             n             n             n  
gwflow_solute                n             n             n             n  
gwflow_obs                   n             n             n             n  
gwflow_pump                  n             n             n             n  
